21:01:04 **** Incremental Build of configuration Debug for project blackPill_blink2 ****
make -j8 all 
arm-none-eabi-gcc "../Core/Src/main.c" -mcpu=cortex-m4 -std=gnu11 -g3 -DDEBUG -DUSE_HAL_DRIVER -DSTM32F411xE -c -I../Core/Inc -I../Drivers/STM32F4xx_HAL_Driver/Inc -I../Drivers/STM32F4xx_HAL_Driver/Inc/Legacy -I../Drivers/CMSIS/Device/ST/STM32F4xx/Include -I../Drivers/CMSIS/Include -O0 -ffunction-sections -fdata-sections -Wall -fstack-usage -fcyclomatic-complexity -MMD -MP -MF"Core/Src/main.d" -MT"Core/Src/main.o" --specs=nano.specs -mfpu=fpv4-sp-d16 -mfloat-abi=hard -mthumb -o "Core/Src/main.o"
arm-none-eabi-gcc -o "blackPill_blink2.elf" @"objects.list"   -mcpu=cortex-m4 -T"C:\Users\chebb\Desktop\Src\STM32fun\blackPill_blink2\STM32F411CEUX_FLASH.ld" --specs=nosys.specs -Wl,-Map="blackPill_blink2.map" -Wl,--gc-sections -static --specs=nano.specs -mfpu=fpv4-sp-d16 -mfloat-abi=hard -mthumb -Wl,--start-group -lc -lm -Wl,--end-group
Finished building target: blackPill_blink2.elf
 
arm-none-eabi-size  blackPill_blink2.elf 
arm-none-eabi-objdump -h -S blackPill_blink2.elf  > "blackPill_blink2.list"
   text	   data	    bss	    dec	    hex	filename
  12668	    104	   1976	  14748	   399c	blackPill_blink2.elf
Finished building: default.size.stdout
 
Finished building: blackPill_blink2.list
 

21:01:05 Build Finished. 0 errors, 0 warnings. (took 945ms)

